// Jest Snapshot v1, https://goo.gl/fbAQLP

exports[`<ConnectButton/> should render component 1`] = `
<div>
  <button
    class="MuiButton-root MuiButton-contained MuiButton-containedPrimary MuiButton-sizeLarge MuiButton-containedSizeLarge MuiButton-disableElevation MuiButtonBase-root Button-root undefined css-1s3qiyy-MuiButtonBase-root-MuiButton-root"
    style="font-size: 1.2857rem;"
    tabindex="0"
    type="button"
  >
    Connect Wallet
  </button>
</div>
`;
