// Vitest Snapshot v1, https://vitest.dev/guide/snapshot.html

exports[`<NotFound/> > should render component 1`] = `
<div>
  <div
    style="position: fixed; z-index: 9999; top: 16px; left: 16px; right: 16px; bottom: 16px; pointer-events: none;"
  />
  <div
    id="not-found"
  >
    <div
      class="not-found-header"
    >
      <a
        href="https://olympusdao.finance"
        rel="noopener noreferrer"
        target="_blank"
      >
        <img
          alt="OlympusDAO"
          class="branding-header-icon"
          src="/src/assets/Olympus Logo.svg"
        />
      </a>
      <h4>
        Page not found
      </h4>
    </div>
  </div>
</div>
`;
